
> wassist@0.1.0 build
> next build

⚠ Warning: Next.js inferred your workspace root, but it may not be correct.
 We detected multiple lockfiles and selected the directory of D:\Lenovo\Documents\Hackathon\package-lock.json as the root directory.
 To silence this warning, set `turbopack.root` in your Next.js config, or consider removing one of the lockfiles if it's not needed.
   See https://nextjs.org/docs/app/api-reference/config/next-config-js/turbopack#root-directory for more information.
 Detected additional lockfiles: 
   * D:\Lenovo\Documents\Hackathon\wassist\package-lock.json

▲ Next.js 16.2.6 (Turbopack)
- Environments: .env.local

  Creating an optimized production build ...
✓ Compiled successfully in 15.0s
  Running TypeScript ...
  Finished TypeScript in 20.4s ...
  Collecting page data using 11 workers ...
  Generating static pages using 11 workers (0/17) ...
  Generating static pages using 11 workers (4/17) 
  Generating static pages using 11 workers (8/17) 
  Generating static pages using 11 workers (12/17) 
✓ Generating static pages using 11 workers (17/17) in 3.5s
  Finalizing page optimization ...

Route (app)
┌ ○ /
├ ○ /_not-found
├ ƒ /api/auth/magic-link
├ ƒ /api/dashboard/handoff
├ ƒ /api/dashboard/kpi
├ ƒ /api/orders
├ ƒ /api/orders/[id]
├ ƒ /api/products
├ ƒ /api/products/[id]
├ ƒ /api/webhook/midtrans
├ ƒ /api/webhook/wa
├ ○ /dashboard
├ ○ /dashboard/account
├ ○ /dashboard/analytics
├ ○ /dashboard/orders
├ ○ /dashboard/products
└ ○ /dashboard/settings


○  (Static)   prerendered as static content
ƒ  (Dynamic)  server-rendered on demand

